// Jest Snapshot v1, https://goo.gl/fbAQLP

exports[`FormUploadImage snapshot 1`] = `
<FormUploadImage
  id="uploadImage"
  onBlur={[MockFunction]}
  onChange={[MockFunction]}
  placeholder="placeholder testing"
/>
`;
