// Jest Snapshot v1, https://goo.gl/fbAQLP

exports[`Dashboard Layout snapshot 1`] = `
<DashboardLayout
  pageTitle="Testing"
>
  Testing
</DashboardLayout>
`;
